12:42:35 **** Incremental Build of configuration Debug for project LAB2_timer ****
make -j8 all 
arm-none-eabi-gcc "../Core/Src/main.c" -mcpu=cortex-m3 -std=gnu11 -g3 -DDEBUG -DUSE_HAL_DRIVER -DSTM32F103x6 -c -I../Core/Inc -I../Drivers/STM32F1xx_HAL_Driver/Inc/Legacy -I../Drivers/STM32F1xx_HAL_Driver/Inc -I../Drivers/CMSIS/Device/ST/STM32F1xx/Include -I../Drivers/CMSIS/Include -O0 -ffunction-sections -fdata-sections -Wall -fstack-usage -fcyclomatic-complexity -MMD -MP -MF"Core/Src/main.d" -MT"Core/Src/main.o" --specs=nano.specs -mfloat-abi=soft -mthumb -o "Core/Src/main.o"
arm-none-eabi-gcc -o "LAB2_timer.elf" @"objects.list"   -mcpu=cortex-m3 -T"D:\STM32\STM32LAB2\LAB2\LAB2_timer\STM32F103C6UX_FLASH.ld" --specs=nosys.specs -Wl,-Map="LAB2_timer.map" -Wl,--gc-sections -static --specs=nano.specs -mfloat-abi=soft -mthumb -Wl,--start-group -lc -lm -Wl,--end-group
Finished building target: LAB2_timer.elf
 
arm-none-eabi-size  LAB2_timer.elf 
arm-none-eabi-objdump -h -S LAB2_timer.elf  > "LAB2_timer.list"
   text	   data	    bss	    dec	    hex	filename
   7052	     12	   1668	   8732	   221c	LAB2_timer.elf
arm-none-eabi-objcopy  -O ihex LAB2_timer.elf  "LAB2_timer.hex"
arm-none-eabi-objcopy  -O binary LAB2_timer.elf  "LAB2_timer.bin"
Finished building: default.size.stdout
 
Finished building: LAB2_timer.hex
Finished building: LAB2_timer.list
 
Finished building: LAB2_timer.bin
 
 
12:44:26 **** Incremental Build of configuration Debug for project LAB2_timer ****
make -j8 all 
arm-none-eabi-gcc "../Core/Src/main.c" -mcpu=cortex-m3 -std=gnu11 -g3 -DDEBUG -DUSE_HAL_DRIVER -DSTM32F103x6 -c -I../Core/Inc -I../Drivers/STM32F1xx_HAL_Driver/Inc/Legacy -I../Drivers/STM32F1xx_HAL_Driver/Inc -I../Drivers/CMSIS/Device/ST/STM32F1xx/Include -I../Drivers/CMSIS/Include -O0 -ffunction-sections -fdata-sections -Wall -fstack-usage -fcyclomatic-complexity -MMD -MP -MF"Core/Src/main.d" -MT"Core/Src/main.o" --specs=nano.specs -mfloat-abi=soft -mthumb -o "Core/Src/main.o"
arm-none-eabi-gcc -o "LAB2_timer.elf" @"objects.list"   -mcpu=cortex-m3 -T"D:\STM32\STM32LAB2\LAB2\LAB2_timer\STM32F103C6UX_FLASH.ld" --specs=nosys.specs -Wl,-Map="LAB2_timer.map" -Wl,--gc-sections -static --specs=nano.specs -mfloat-abi=soft -mthumb -Wl,--start-group -lc -lm -Wl,--end-group
Finished building target: LAB2_timer.elf
 
arm-none-eabi-size  LAB2_timer.elf 
arm-none-eabi-objdump -h -S LAB2_timer.elf  > "LAB2_timer.list"
arm-none-eabi-objcopy  -O ihex LAB2_timer.elf  "LAB2_timer.hex"
   text	   data	    bss	    dec	    hex	filename
   8632	     20	   1700	  10352	   2870	LAB2_timer.elf
arm-none-eabi-objcopy  -O binary LAB2_timer.elf  "LAB2_timer.bin"
Finished building: default.size.stdout
 
Finished building: LAB2_timer.hex
Finished building: LAB2_timer.list
 
Finished building: LAB2_timer.bin
 
 
12:47:59 **** Incremental Build of configuration Debug for project LAB2_timer ****
make -j8 all 
arm-none-eabi-gcc "../Core/Src/main.c" -mcpu=cortex-m3 -std=gnu11 -g3 -DDEBUG -DUSE_HAL_DRIVER -DSTM32F103x6 -c -I../Core/Inc -I../Drivers/STM32F1xx_HAL_Driver/Inc/Legacy -I../Drivers/STM32F1xx_HAL_Driver/Inc -I../Drivers/CMSIS/Device/ST/STM32F1xx/Include -I../Drivers/CMSIS/Include -O0 -ffunction-sections -fdata-sections -Wall -fstack-usage -fcyclomatic-complexity -MMD -MP -MF"Core/Src/main.d" -MT"Core/Src/main.o" --specs=nano.specs -mfloat-abi=soft -mthumb -o "Core/Src/main.o"
arm-none-eabi-gcc -o "LAB2_timer.elf" @"objects.list"   -mcpu=cortex-m3 -T"D:\STM32\STM32LAB2\LAB2\LAB2_timer\STM32F103C6UX_FLASH.ld" --specs=nosys.specs -Wl,-Map="LAB2_timer.map" -Wl,--gc-sections -static --specs=nano.specs -mfloat-abi=soft -mthumb -Wl,--start-group -lc -lm -Wl,--end-group
Finished building target: LAB2_timer.elf
 
arm-none-eabi-size  LAB2_timer.elf 
arm-none-eabi-objdump -h -S LAB2_timer.elf  > "LAB2_timer.list"
   text	   data	    bss	    dec	    hex	filename
   8768	     20	   1708	  10496	   2900	LAB2_timer.elf
arm-none-eabi-objcopy  -O ihex LAB2_timer.elf  "LAB2_timer.hex"
Finished building: default.size.stdout
arm-none-eabi-objcopy  -O binary LAB2_timer.elf  "LAB2_timer.bin"
 
Finished building: LAB2_timer.list
Finished building: LAB2_timer.hex
 
Finished building: LAB2_timer.bin
 
 
