12:32:02 **** Incremental Build of configuration Debug for project LAB2_timer ****
make -j8 all 
arm-none-eabi-gcc "../Core/Src/main.c" -mcpu=cortex-m3 -std=gnu11 -g3 -DDEBUG -DUSE_HAL_DRIVER -DSTM32F103x6 -c -I../Core/Inc -I../Drivers/STM32F1xx_HAL_Driver/Inc/Legacy -I../Drivers/STM32F1xx_HAL_Driver/Inc -I../Drivers/CMSIS/Device/ST/STM32F1xx/Include -I../Drivers/CMSIS/Include -O0 -ffunction-sections -fdata-sections -Wall -fstack-usage -fcyclomatic-complexity -MMD -MP -MF"Core/Src/main.d" -MT"Core/Src/main.o" --specs=nano.specs -mfloat-abi=soft -mthumb -o "Core/Src/main.o"
arm-none-eabi-gcc -o "LAB2_timer.elf" @"objects.list"   -mcpu=cortex-m3 -T"D:\STM32\STM32LAB2\LAB2\LAB2_timer\STM32F103C6UX_FLASH.ld" --specs=nosys.specs -Wl,-Map="LAB2_timer.map" -Wl,--gc-sections -static --specs=nano.specs -mfloat-abi=soft -mthumb -Wl,--start-group -lc -lm -Wl,--end-group
Finished building target: LAB2_timer.elf
 
arm-none-eabi-size  LAB2_timer.elf 
arm-none-eabi-objdump -h -S LAB2_timer.elf  > "LAB2_timer.list"
   text	   data	    bss	    dec	    hex	filename
   7984	     32	   1648	   9664	   25c0	LAB2_timer.elf
arm-none-eabi-objcopy  -O ihex LAB2_timer.elf  "LAB2_timer.hex"
arm-none-eabi-objcopy  -O binary LAB2_timer.elf  "LAB2_timer.bin"
Finished building: default.size.stdout
 
Finished building: LAB2_timer.hex
Finished building: LAB2_timer.list
Finished building: LAB2_timer.bin
 
 
 
12:32:23 **** Incremental Build of configuration Debug for project LAB2_timer ****
make -j8 all 
arm-none-eabi-size  LAB2_timer.elf 
   text	   data	    bss	    dec	    hex	filename
   7984	     32	   1648	   9664	   25c0	LAB2_timer.elf
Finished building: default.size.stdout
 
12:34:26 **** Incremental Build of configuration Debug for project LAB2_timer ****
make -j8 all 
arm-none-eabi-gcc "../Core/Src/main.c" -mcpu=cortex-m3 -std=gnu11 -g3 -DDEBUG -DUSE_HAL_DRIVER -DSTM32F103x6 -c -I../Core/Inc -I../Drivers/STM32F1xx_HAL_Driver/Inc/Legacy -I../Drivers/STM32F1xx_HAL_Driver/Inc -I../Drivers/CMSIS/Device/ST/STM32F1xx/Include -I../Drivers/CMSIS/Include -O0 -ffunction-sections -fdata-sections -Wall -fstack-usage -fcyclomatic-complexity -MMD -MP -MF"Core/Src/main.d" -MT"Core/Src/main.o" --specs=nano.specs -mfloat-abi=soft -mthumb -o "Core/Src/main.o"
arm-none-eabi-gcc -o "LAB2_timer.elf" @"objects.list"   -mcpu=cortex-m3 -T"D:\STM32\STM32LAB2\LAB2\LAB2_timer\STM32F103C6UX_FLASH.ld" --specs=nosys.specs -Wl,-Map="LAB2_timer.map" -Wl,--gc-sections -static --specs=nano.specs -mfloat-abi=soft -mthumb -Wl,--start-group -lc -lm -Wl,--end-group
Finished building target: LAB2_timer.elf
 
arm-none-eabi-size  LAB2_timer.elf 
arm-none-eabi-objdump -h -S LAB2_timer.elf  > "LAB2_timer.list"
   text	   data	    bss	    dec	    hex	filename
   8048	     32	   1648	   9728	   2600	LAB2_timer.elf
arm-none-eabi-objcopy  -O ihex LAB2_timer.elf  "LAB2_timer.hex"
Finished building: default.size.stdout
arm-none-eabi-objcopy  -O binary LAB2_timer.elf  "LAB2_timer.bin"
 
Finished building: LAB2_timer.hex
Finished building: LAB2_timer.list
Finished building: LAB2_timer.bin
 
 
 
14:59:56 **** Incremental Build of configuration Debug for project LAB2_timer ****
make -j8 all 
arm-none-eabi-gcc "../Core/Src/LAB2.c" -mcpu=cortex-m3 -std=gnu11 -g3 -DDEBUG -DUSE_HAL_DRIVER -DSTM32F103x6 -c -I../Core/Inc -I../Drivers/STM32F1xx_HAL_Driver/Inc/Legacy -I../Drivers/STM32F1xx_HAL_Driver/Inc -I../Drivers/CMSIS/Device/ST/STM32F1xx/Include -I../Drivers/CMSIS/Include -O0 -ffunction-sections -fdata-sections -Wall -fstack-usage -fcyclomatic-complexity -MMD -MP -MF"Core/Src/LAB2.d" -MT"Core/Src/LAB2.o" --specs=nano.specs -mfloat-abi=soft -mthumb -o "Core/Src/LAB2.o"
arm-none-eabi-gcc "../Core/Src/LAB2_Init.c" -mcpu=cortex-m3 -std=gnu11 -g3 -DDEBUG -DUSE_HAL_DRIVER -DSTM32F103x6 -c -I../Core/Inc -I../Drivers/STM32F1xx_HAL_Driver/Inc/Legacy -I../Drivers/STM32F1xx_HAL_Driver/Inc -I../Drivers/CMSIS/Device/ST/STM32F1xx/Include -I../Drivers/CMSIS/Include -O0 -ffunction-sections -fdata-sections -Wall -fstack-usage -fcyclomatic-complexity -MMD -MP -MF"Core/Src/LAB2_Init.d" -MT"Core/Src/LAB2_Init.o" --specs=nano.specs -mfloat-abi=soft -mthumb -o "Core/Src/LAB2_Init.o"
arm-none-eabi-gcc "../Core/Src/main.c" -mcpu=cortex-m3 -std=gnu11 -g3 -DDEBUG -DUSE_HAL_DRIVER -DSTM32F103x6 -c -I../Core/Inc -I../Drivers/STM32F1xx_HAL_Driver/Inc/Legacy -I../Drivers/STM32F1xx_HAL_Driver/Inc -I../Drivers/CMSIS/Device/ST/STM32F1xx/Include -I../Drivers/CMSIS/Include -O0 -ffunction-sections -fdata-sections -Wall -fstack-usage -fcyclomatic-complexity -MMD -MP -MF"Core/Src/main.d" -MT"Core/Src/main.o" --specs=nano.specs -mfloat-abi=soft -mthumb -o "Core/Src/main.o"
In file included from ../Core/Src/LAB2.c:9:
../Core/Inc/LAB2.h:19:8: warning: type defaults to 'int' in declaration of 'second' [-Wimplicit-int]
   19 | extern second, hour, minute;
      |        ^~~~~~
../Core/Inc/LAB2.h:19:16: warning: type defaults to 'int' in declaration of 'hour' [-Wimplicit-int]
   19 | extern second, hour, minute;
      |                ^~~~
../Core/Inc/LAB2.h:19:22: warning: type defaults to 'int' in declaration of 'minute' [-Wimplicit-int]
   19 | extern second, hour, minute;
      |                      ^~~~~~
In file included from ../Core/Src/LAB2_Init.c:7:
../Core/Inc/LAB2.h:19:8: warning: type defaults to 'int' in declaration of 'second' [-Wimplicit-int]
   19 | extern second, hour, minute;
      |        ^~~~~~
../Core/Inc/LAB2.h:19:16: warning: type defaults to 'int' in declaration of 'hour' [-Wimplicit-int]
   19 | extern second, hour, minute;
      |                ^~~~
../Core/Inc/LAB2.h:19:22: warning: type defaults to 'int' in declaration of 'minute' [-Wimplicit-int]
   19 | extern second, hour, minute;
      |                      ^~~~~~
In file included from ../Core/Src/main.c:22:
../Core/Inc/LAB2.h:19:8: warning: type defaults to 'int' in declaration of 'second' [-Wimplicit-int]
   19 | extern second, hour, minute;
      |        ^~~~~~
../Core/Inc/LAB2.h:19:16: warning: type defaults to 'int' in declaration of 'hour' [-Wimplicit-int]
   19 | extern second, hour, minute;
      |                ^~~~
../Core/Inc/LAB2.h:19:22: warning: type defaults to 'int' in declaration of 'minute' [-Wimplicit-int]
   19 | extern second, hour, minute;
      |                      ^~~~~~
arm-none-eabi-gcc -o "LAB2_timer.elf" @"objects.list"   -mcpu=cortex-m3 -T"D:\STM32\STM32LAB2\LAB2\LAB2_timer\STM32F103C6UX_FLASH.ld" --specs=nosys.specs -Wl,-Map="LAB2_timer.map" -Wl,--gc-sections -static --specs=nano.specs -mfloat-abi=soft -mthumb -Wl,--start-group -lc -lm -Wl,--end-group
Finished building target: LAB2_timer.elf
 
arm-none-eabi-size  LAB2_timer.elf 
arm-none-eabi-objdump -h -S LAB2_timer.elf  > "LAB2_timer.list"
   text	   data	    bss	    dec	    hex	filename
   8048	     32	   1648	   9728	   2600	LAB2_timer.elf
arm-none-eabi-objcopy  -O ihex LAB2_timer.elf  "LAB2_timer.hex"
arm-none-eabi-objcopy  -O binary LAB2_timer.elf  "LAB2_timer.bin"
Finished building: default.size.stdout
 
Finished building: LAB2_timer.hex
Finished building: LAB2_timer.list
Finished building: LAB2_timer.bin
 
 
 
15:00:09 **** Incremental Build of configuration Debug for project LAB2_timer ****
make -j8 all 
arm-none-eabi-gcc "../Core/Src/LAB2.c" -mcpu=cortex-m3 -std=gnu11 -g3 -DDEBUG -DUSE_HAL_DRIVER -DSTM32F103x6 -c -I../Core/Inc -I../Drivers/STM32F1xx_HAL_Driver/Inc/Legacy -I../Drivers/STM32F1xx_HAL_Driver/Inc -I../Drivers/CMSIS/Device/ST/STM32F1xx/Include -I../Drivers/CMSIS/Include -O0 -ffunction-sections -fdata-sections -Wall -fstack-usage -fcyclomatic-complexity -MMD -MP -MF"Core/Src/LAB2.d" -MT"Core/Src/LAB2.o" --specs=nano.specs -mfloat-abi=soft -mthumb -o "Core/Src/LAB2.o"
arm-none-eabi-gcc "../Core/Src/LAB2_Init.c" -mcpu=cortex-m3 -std=gnu11 -g3 -DDEBUG -DUSE_HAL_DRIVER -DSTM32F103x6 -c -I../Core/Inc -I../Drivers/STM32F1xx_HAL_Driver/Inc/Legacy -I../Drivers/STM32F1xx_HAL_Driver/Inc -I../Drivers/CMSIS/Device/ST/STM32F1xx/Include -I../Drivers/CMSIS/Include -O0 -ffunction-sections -fdata-sections -Wall -fstack-usage -fcyclomatic-complexity -MMD -MP -MF"Core/Src/LAB2_Init.d" -MT"Core/Src/LAB2_Init.o" --specs=nano.specs -mfloat-abi=soft -mthumb -o "Core/Src/LAB2_Init.o"
arm-none-eabi-gcc "../Core/Src/main.c" -mcpu=cortex-m3 -std=gnu11 -g3 -DDEBUG -DUSE_HAL_DRIVER -DSTM32F103x6 -c -I../Core/Inc -I../Drivers/STM32F1xx_HAL_Driver/Inc/Legacy -I../Drivers/STM32F1xx_HAL_Driver/Inc -I../Drivers/CMSIS/Device/ST/STM32F1xx/Include -I../Drivers/CMSIS/Include -O0 -ffunction-sections -fdata-sections -Wall -fstack-usage -fcyclomatic-complexity -MMD -MP -MF"Core/Src/main.d" -MT"Core/Src/main.o" --specs=nano.specs -mfloat-abi=soft -mthumb -o "Core/Src/main.o"
arm-none-eabi-gcc -o "LAB2_timer.elf" @"objects.list"   -mcpu=cortex-m3 -T"D:\STM32\STM32LAB2\LAB2\LAB2_timer\STM32F103C6UX_FLASH.ld" --specs=nosys.specs -Wl,-Map="LAB2_timer.map" -Wl,--gc-sections -static --specs=nano.specs -mfloat-abi=soft -mthumb -Wl,--start-group -lc -lm -Wl,--end-group
Finished building target: LAB2_timer.elf
 
arm-none-eabi-size  LAB2_timer.elf 
arm-none-eabi-objdump -h -S LAB2_timer.elf  > "LAB2_timer.list"
   text	   data	    bss	    dec	    hex	filename
   8048	     32	   1648	   9728	   2600	LAB2_timer.elf
arm-none-eabi-objcopy  -O ihex LAB2_timer.elf  "LAB2_timer.hex"
arm-none-eabi-objcopy  -O binary LAB2_timer.elf  "LAB2_timer.bin"
Finished building: default.size.stdout
 
Finished building: LAB2_timer.hex
Finished building: LAB2_timer.list
Finished building: LAB2_timer.bin
 
 
 
15:00:26 **** Incremental Build of configuration Debug for project LAB2_timer ****
make -j8 all 
arm-none-eabi-gcc "../Core/Src/LAB2.c" -mcpu=cortex-m3 -std=gnu11 -g3 -DDEBUG -DUSE_HAL_DRIVER -DSTM32F103x6 -c -I../Core/Inc -I../Drivers/STM32F1xx_HAL_Driver/Inc/Legacy -I../Drivers/STM32F1xx_HAL_Driver/Inc -I../Drivers/CMSIS/Device/ST/STM32F1xx/Include -I../Drivers/CMSIS/Include -O0 -ffunction-sections -fdata-sections -Wall -fstack-usage -fcyclomatic-complexity -MMD -MP -MF"Core/Src/LAB2.d" -MT"Core/Src/LAB2.o" --specs=nano.specs -mfloat-abi=soft -mthumb -o "Core/Src/LAB2.o"
arm-none-eabi-gcc -o "LAB2_timer.elf" @"objects.list"   -mcpu=cortex-m3 -T"D:\STM32\STM32LAB2\LAB2\LAB2_timer\STM32F103C6UX_FLASH.ld" --specs=nosys.specs -Wl,-Map="LAB2_timer.map" -Wl,--gc-sections -static --specs=nano.specs -mfloat-abi=soft -mthumb -Wl,--start-group -lc -lm -Wl,--end-group
Finished building target: LAB2_timer.elf
 
arm-none-eabi-size  LAB2_timer.elf 
arm-none-eabi-objdump -h -S LAB2_timer.elf  > "LAB2_timer.list"
   text	   data	    bss	    dec	    hex	filename
   8048	     32	   1648	   9728	   2600	LAB2_timer.elf
arm-none-eabi-objcopy  -O ihex LAB2_timer.elf  "LAB2_timer.hex"
Finished building: default.size.stdout
arm-none-eabi-objcopy  -O binary LAB2_timer.elf  "LAB2_timer.bin"
 
Finished building: LAB2_timer.list
Finished building: LAB2_timer.hex
 
Finished building: LAB2_timer.bin
 
 
